------------------------------------------------------------
Timing Analyzer Summary
------------------------------------------------------------

Type  : Slow 1100mV 85C Model Setup 'rx_cu:control_unit|start_en_tmp'
Slack : -8.203
TNS   : -52.087

Type  : Slow 1100mV 85C Model Setup 'rx_cu:control_unit|present_state.reset_s'
Slack : -4.508
TNS   : -8.957

Type  : Slow 1100mV 85C Model Setup 'clock'
Slack : -3.769
TNS   : -89.667

Type  : Slow 1100mV 85C Model Hold 'clock'
Slack : 0.388
TNS   : 0.000

Type  : Slow 1100mV 85C Model Hold 'rx_cu:control_unit|present_state.reset_s'
Slack : 3.074
TNS   : 0.000

Type  : Slow 1100mV 85C Model Hold 'rx_cu:control_unit|start_en_tmp'
Slack : 3.500
TNS   : 0.000

Type  : Slow 1100mV 85C Model Recovery 'rx_cu:control_unit|start_en_tmp'
Slack : -8.335
TNS   : -39.607

Type  : Slow 1100mV 85C Model Removal 'rx_cu:control_unit|start_en_tmp'
Slack : 5.116
TNS   : 0.000

Type  : Slow 1100mV 85C Model Minimum Pulse Width 'clock'
Slack : -0.724
TNS   : -43.302

Type  : Slow 1100mV 85C Model Minimum Pulse Width 'rx_cu:control_unit|start_en_tmp'
Slack : 0.192
TNS   : 0.000

Type  : Slow 1100mV 85C Model Minimum Pulse Width 'rx_cu:control_unit|present_state.reset_s'
Slack : 0.418
TNS   : 0.000

Type  : Slow 1100mV 0C Model Setup 'rx_cu:control_unit|start_en_tmp'
Slack : -8.384
TNS   : -53.633

Type  : Slow 1100mV 0C Model Setup 'rx_cu:control_unit|present_state.reset_s'
Slack : -4.677
TNS   : -9.260

Type  : Slow 1100mV 0C Model Setup 'clock'
Slack : -3.420
TNS   : -81.728

Type  : Slow 1100mV 0C Model Hold 'clock'
Slack : 0.177
TNS   : 0.000

Type  : Slow 1100mV 0C Model Hold 'rx_cu:control_unit|present_state.reset_s'
Slack : 3.215
TNS   : 0.000

Type  : Slow 1100mV 0C Model Hold 'rx_cu:control_unit|start_en_tmp'
Slack : 3.670
TNS   : 0.000

Type  : Slow 1100mV 0C Model Recovery 'rx_cu:control_unit|start_en_tmp'
Slack : -8.322
TNS   : -40.014

Type  : Slow 1100mV 0C Model Removal 'rx_cu:control_unit|start_en_tmp'
Slack : 5.031
TNS   : 0.000

Type  : Slow 1100mV 0C Model Minimum Pulse Width 'clock'
Slack : -0.724
TNS   : -43.946

Type  : Slow 1100mV 0C Model Minimum Pulse Width 'rx_cu:control_unit|start_en_tmp'
Slack : 0.151
TNS   : 0.000

Type  : Slow 1100mV 0C Model Minimum Pulse Width 'rx_cu:control_unit|present_state.reset_s'
Slack : 0.373
TNS   : 0.000

Type  : Fast 1100mV 85C Model Setup 'rx_cu:control_unit|start_en_tmp'
Slack : -3.253
TNS   : -18.044

Type  : Fast 1100mV 85C Model Setup 'clock'
Slack : -2.292
TNS   : -31.747

Type  : Fast 1100mV 85C Model Setup 'rx_cu:control_unit|present_state.reset_s'
Slack : -1.226
TNS   : -2.438

Type  : Fast 1100mV 85C Model Hold 'clock'
Slack : 0.178
TNS   : 0.000

Type  : Fast 1100mV 85C Model Hold 'rx_cu:control_unit|present_state.reset_s'
Slack : 1.304
TNS   : 0.000

Type  : Fast 1100mV 85C Model Hold 'rx_cu:control_unit|start_en_tmp'
Slack : 1.603
TNS   : 0.000

Type  : Fast 1100mV 85C Model Recovery 'rx_cu:control_unit|start_en_tmp'
Slack : -3.151
TNS   : -15.405

Type  : Fast 1100mV 85C Model Removal 'rx_cu:control_unit|start_en_tmp'
Slack : 2.318
TNS   : 0.000

Type  : Fast 1100mV 85C Model Minimum Pulse Width 'clock'
Slack : -0.084
TNS   : -3.116

Type  : Fast 1100mV 85C Model Minimum Pulse Width 'rx_cu:control_unit|start_en_tmp'
Slack : 0.247
TNS   : 0.000

Type  : Fast 1100mV 85C Model Minimum Pulse Width 'rx_cu:control_unit|present_state.reset_s'
Slack : 0.431
TNS   : 0.000

Type  : Fast 1100mV 0C Model Setup 'rx_cu:control_unit|start_en_tmp'
Slack : -2.982
TNS   : -17.146

Type  : Fast 1100mV 0C Model Setup 'clock'
Slack : -1.804
TNS   : -23.645

Type  : Fast 1100mV 0C Model Setup 'rx_cu:control_unit|present_state.reset_s'
Slack : -1.162
TNS   : -2.314

Type  : Fast 1100mV 0C Model Hold 'clock'
Slack : 0.161
TNS   : 0.000

Type  : Fast 1100mV 0C Model Hold 'rx_cu:control_unit|present_state.reset_s'
Slack : 1.288
TNS   : 0.000

Type  : Fast 1100mV 0C Model Hold 'rx_cu:control_unit|start_en_tmp'
Slack : 1.628
TNS   : 0.000

Type  : Fast 1100mV 0C Model Recovery 'rx_cu:control_unit|start_en_tmp'
Slack : -2.898
TNS   : -14.273

Type  : Fast 1100mV 0C Model Removal 'rx_cu:control_unit|start_en_tmp'
Slack : 2.239
TNS   : 0.000

Type  : Fast 1100mV 0C Model Minimum Pulse Width 'clock'
Slack : -0.082
TNS   : -3.119

Type  : Fast 1100mV 0C Model Minimum Pulse Width 'rx_cu:control_unit|start_en_tmp'
Slack : 0.284
TNS   : 0.000

Type  : Fast 1100mV 0C Model Minimum Pulse Width 'rx_cu:control_unit|present_state.reset_s'
Slack : 0.443
TNS   : 0.000

------------------------------------------------------------
