------------------------------------------------------------
Timing Analyzer Summary
------------------------------------------------------------

Type  : Slow 1100mV 85C Model Setup 'clock'
Slack : -0.951
TNS   : -0.951

Type  : Slow 1100mV 85C Model Hold 'clock'
Slack : 0.129
TNS   : 0.000

Type  : Slow 1100mV 85C Model Minimum Pulse Width 'clock'
Slack : -0.724
TNS   : -1.104

Type  : Slow 1100mV 0C Model Setup 'clock'
Slack : -0.889
TNS   : -0.889

Type  : Slow 1100mV 0C Model Hold 'clock'
Slack : 0.100
TNS   : 0.000

Type  : Slow 1100mV 0C Model Minimum Pulse Width 'clock'
Slack : -0.724
TNS   : -1.107

Type  : Fast 1100mV 85C Model Setup 'clock'
Slack : 0.002
TNS   : 0.000

Type  : Fast 1100mV 85C Model Hold 'clock'
Slack : 0.015
TNS   : 0.000

Type  : Fast 1100mV 85C Model Minimum Pulse Width 'clock'
Slack : -0.184
TNS   : -0.184

Type  : Fast 1100mV 0C Model Setup 'clock'
Slack : 0.040
TNS   : 0.000

Type  : Fast 1100mV 0C Model Hold 'clock'
Slack : -0.010
TNS   : -0.010

Type  : Fast 1100mV 0C Model Minimum Pulse Width 'clock'
Slack : -0.200
TNS   : -0.200

------------------------------------------------------------
