------------------------------------------------------------
Timing Analyzer Summary
------------------------------------------------------------

Type  : Slow 1100mV 85C Model Setup 'clock'
Slack : -0.954
TNS   : -0.954

Type  : Slow 1100mV 85C Model Hold 'clock'
Slack : 0.126
TNS   : 0.000

Type  : Slow 1100mV 85C Model Minimum Pulse Width 'clock'
Slack : -0.724
TNS   : -1.104

Type  : Slow 1100mV 0C Model Setup 'clock'
Slack : -0.893
TNS   : -0.893

Type  : Slow 1100mV 0C Model Hold 'clock'
Slack : 0.096
TNS   : 0.000

Type  : Slow 1100mV 0C Model Minimum Pulse Width 'clock'
Slack : -0.724
TNS   : -1.106

Type  : Fast 1100mV 85C Model Setup 'clock'
Slack : 0.001
TNS   : 0.000

Type  : Fast 1100mV 85C Model Hold 'clock'
Slack : 0.014
TNS   : 0.000

Type  : Fast 1100mV 85C Model Minimum Pulse Width 'clock'
Slack : -0.196
TNS   : -0.196

Type  : Fast 1100mV 0C Model Setup 'clock'
Slack : 0.038
TNS   : 0.000

Type  : Fast 1100mV 0C Model Hold 'clock'
Slack : -0.012
TNS   : -0.012

Type  : Fast 1100mV 0C Model Minimum Pulse Width 'clock'
Slack : -0.213
TNS   : -0.213

------------------------------------------------------------
